// Jest Snapshot v1, https://goo.gl/fbAQLP

exports[`renders correctly 1`] = `
<div>
  <div>
    <header
      className="MuiPaper-root MuiPaper-elevation4 MuiAppBar-root MuiAppBar-positionStatic MuiAppBar-colorPrimary"
      style={
        Object {
          "background": "transparent",
          "boxShadow": "none",
        }
      }
    >
      <div
        className="MuiToolbar-root MuiToolbar-regular MuiToolbar-gutters"
      >
        <p
          className="MuiTypography-root MuiTypography-body1 MuiTypography-alignCenter"
          style={
            Object {
              "color": "#000",
            }
          }
        >
          The DIY Labs
        </p>
      </div>
    </header>
  </div>
  <div
    className="MuiGrid-root MuiGrid-container MuiGrid-direction-xs-column MuiGrid-align-items-xs-center MuiGrid-justify-xs-center"
    style={
      Object {
        "minHeight": "90vh",
      }
    }
  >
    <div
      className="MuiGrid-root MuiGrid-item MuiGrid-grid-xs-4"
    >
      <div
        className="makeStyles-root-174"
      >
        <ul
          className="MuiGridList-root makeStyles-gridList-175"
          style={
            Object {
              "margin": -2,
            }
          }
        >
          <li
            className="MuiGridListTile-root"
            style={
              Object {
                "height": 254,
                "padding": 2,
                "width": "100%",
              }
            }
          >
            <div
              className="MuiGridListTile-tile"
            >
              <a
                aria-disabled={false}
                className="MuiButtonBase-root makeStyles-image-176"
                href="/products?category=Cake"
                onBlur={[Function]}
                onClick={[Function]}
                onDragLeave={[Function]}
                onFocus={[Function]}
                onKeyDown={[Function]}
                onKeyUp={[Function]}
                onMouseDown={[Function]}
                onMouseLeave={[Function]}
                onMouseUp={[Function]}
                onTouchEnd={[Function]}
                onTouchMove={[Function]}
                onTouchStart={[Function]}
                role="button"
                tabIndex={0}
              >
                <img
                  alt="Cake"
                  src="https://ichef.bbci.co.uk/food/ic/food_16x9_832/recipes/salted_dark_chocolate_16338_16x9.jpg"
                />
              </a>
            </div>
          </li>
          <li
            className="MuiGridListTile-root"
            style={
              Object {
                "height": 254,
                "padding": 2,
                "width": "50%",
              }
            }
          >
            <div
              className="MuiGridListTile-tile"
            >
              <a
                aria-disabled={false}
                className="MuiButtonBase-root makeStyles-image-176"
                href="/products?category=Cookies"
                onBlur={[Function]}
                onClick={[Function]}
                onDragLeave={[Function]}
                onFocus={[Function]}
                onKeyDown={[Function]}
                onKeyUp={[Function]}
                onMouseDown={[Function]}
                onMouseLeave={[Function]}
                onMouseUp={[Function]}
                onTouchEnd={[Function]}
                onTouchMove={[Function]}
                onTouchStart={[Function]}
                role="button"
                tabIndex={0}
              >
                <img
                  alt="Cookies"
                  src="https://images-gmi-pmc.edge-generalmills.com/983f0c5a-2b13-40db-8c92-748b279bcc3f.jpg"
                />
              </a>
            </div>
          </li>
          <li
            className="MuiGridListTile-root"
            style={
              Object {
                "height": 254,
                "padding": 2,
                "width": "50%",
              }
            }
          >
            <div
              className="MuiGridListTile-tile"
            >
              <a
                aria-disabled={false}
                className="MuiButtonBase-root makeStyles-image-176"
                href="/products?category=Macaroons"
                onBlur={[Function]}
                onClick={[Function]}
                onDragLeave={[Function]}
                onFocus={[Function]}
                onKeyDown={[Function]}
                onKeyUp={[Function]}
                onMouseDown={[Function]}
                onMouseLeave={[Function]}
                onMouseUp={[Function]}
                onTouchEnd={[Function]}
                onTouchMove={[Function]}
                onTouchStart={[Function]}
                role="button"
                tabIndex={0}
              >
                <img
                  alt="Macaroons"
                  src="https://keyassets-p2.timeincuk.net/wp/prod/wp-content/uploads/sites/53/2012/10/Multicoloured-macaroons.jpg"
                />
              </a>
            </div>
          </li>
          <li
            className="MuiGridListTile-root"
            style={
              Object {
                "height": 254,
                "padding": 2,
                "width": "100%",
              }
            }
          >
            <div
              className="MuiGridListTile-tile"
            >
              <a
                aria-disabled={false}
                className="MuiButtonBase-root makeStyles-image-176"
                href="/products?category=Bubble Tea"
                onBlur={[Function]}
                onClick={[Function]}
                onDragLeave={[Function]}
                onFocus={[Function]}
                onKeyDown={[Function]}
                onKeyUp={[Function]}
                onMouseDown={[Function]}
                onMouseLeave={[Function]}
                onMouseUp={[Function]}
                onTouchEnd={[Function]}
                onTouchMove={[Function]}
                onTouchStart={[Function]}
                role="button"
                tabIndex={0}
              >
                <img
                  alt="Bubble Tea"
                  src="https://nowtoronto.com/downloads/101749/download/brown_sugar_horizontal.jpg?cb=fb860bfcd400e392c401193f54fb32e1&w=640"
                />
              </a>
            </div>
          </li>
        </ul>
      </div>
    </div>
  </div>
</div>
`;
